Command: vcs -full64 -sverilog -debug_access+all -kdb -f flist/filelist.f -l logs/compile.log \
-o simv
                         Chronologic VCS (TM)
         Version X-2025.06_Full64 -- Sun Jun  7 07:00:42 2026

                    Copyright (c) 1991 - 2025 Synopsys, Inc.
   This software and the associated documentation are proprietary to Synopsys,
 Inc. This software may only be used in accordance with the terms and conditions
 of a written license agreement with Synopsys, Inc. All other use, reproduction,
   or distribution of this software is strictly prohibited.  Licensed Products
     communicate with Synopsys servers for the purpose of providing software
    updates, detecting software piracy and verifying that customers are using
    Licensed Products in conformity with the applicable License Key for such
  Licensed Products. Synopsys will use information gathered in connection with
    this process to deliver software updates and pursue software pirates and
                                   infringers.

 Inclusivity & Diversity - Visit SolvNetPlus to read the "Synopsys Statement on
            Inclusivity and Diversity" (Refer to article 000036315 at
                        https://solvnetplus.synopsys.com)

Parsing design file './rtl/reg_block.sv'
Parsing included file './include/reg_defines.svh'.
Back to file './rtl/reg_block.sv'.
Parsing design file './tb/tb_reg_block.sv'
Top Level Modules:
       tb_reg_block
No TimeScale specified
Starting vcs inline pass...
1 module and 0 UDP read.
recompiling module tb_reg_block
rm -f _cuarc*.so _csrc*.so pre_vcsobj_*.so share_vcsobj_*.so
if [ -x ../simv ]; then chmod a-x ../simv; fi
g++  -o ../simv      -rdynamic  -Wl,-rpath='$ORIGIN'/simv.daidir -Wl,-rpath=./simv.daidir \
-Wl,-rpath=/arm/tools/synopsys/vcs/2025.06/linux64/lib -L/arm/tools/synopsys/vcs/2025.06/linux64/lib \
-Wl,-rpath-link=./   objs/amcQw_d.o   _216000_archive_1.so   SIM_l.o       rmapats_mop.o \
rmapats.o rmar.o rmar_nd.o  rmar_llvm_0_1.o rmar_llvm_0_0.o            -lnuma -lvirsim \
-lerrorinf -lsnpsmalloc -lvfs      -lvcsnew -lsimprofile -luclinative /arm/tools/synopsys/vcs/2025.06/linux64/lib/vcs_tls.o \
-Wl,-whole-archive  -lvcsucli    -Wl,-no-whole-archive          /arm/tools/synopsys/vcs/2025.06/linux64/lib/vcs_save_restore_new.o \
-ldl  -lc -lm -lpthread -ldl 
../simv up to date
CPU time: .342 seconds to compile + .214 seconds to elab + .170 seconds to link
Verdi KDB elaboration done and the database successfully generated
